192.168.1.105 - - [15/Oct/2023:10:23:45 +0000] "GET /index.html HTTP/1.1" 200 1024 "-" "Mozilla/5.0 (Windows NT 10.0; Win64; x64) AppleWebKit/537.36"
10.0.0.23 - - [15/Oct/2023:10:23:46 +0000] "POST /login HTTP/1.1" 200 512 "http://example.com/login" "Mozilla/5.0 (Linux; Android 10)"
192.168.1.107 - - [15/Oct/2023:10:23:47 +0000] "GET /admin/dashboard HTTP/1.1" 403 256 "-" "curl/7.68.0"
172.16.0.45 - - [15/Oct/2023:10:23:48 +0000] "GET /api/users HTTP/1.1" 200 2048 "-" "PostmanRuntime/7.29.2"
192.168.1.105 - - [15/Oct/2023:10:23:49 +0000] "POST /contact HTTP/1.1" 200 1536 "http://example.com/contact" "Mozilla/5.0 (Macintosh; Intel Mac OS X 10_15_7)"
10.0.0.23 - - [15/Oct/2023:10:23:50 +0000] "GET /images/logo.png HTTP/1.1" 200 8192 "http://example.com/" "Mozilla/5.0 (Windows NT 10.0; Win64; x64)"
192.168.1.107 - - [15/Oct/2023:10:23:51 +0000] "GET /robots.txt HTTP/1.1" 404 128 "-" "Googlebot/2.1"
172.16.0.45 - - [15/Oct/2023:10:23:52 +0000] "POST /api/login HTTP/1.1" 401 64 "-" "python-requests/2.28.1"
192.168.1.105 - - [15/Oct/2023:10:23:53 +0000] "GET /about.html HTTP/1.1" 200 2560 "http://example.com/" "Mozilla/5.0 (X11; Ubuntu; Linux x86_64; rv:109.0)"
10.0.0.23 - - [15/Oct/2023:10:23:54 +0000] "GET /css/style.css HTTP/1.1" 200 4096 "http://example.com/index.html" "Mozilla/5.0 (Windows NT 10.0; Win64; x64)"
192.168.1.107 - - [15/Oct/2023:10:23:55 +0000] "POST /upload HTTP/1.1" 413 256 "http://example.com/upload" "Mozilla/5.0 (Macintosh; Intel Mac OS X 10_15_7)"
172.16.0.45 - - [15/Oct/2023:10:23:56 +0000] "GET /downloads/file.zip HTTP/1.1" 200 16384 "-" "wget/1.20.3"
192.168.1.105 - - [15/Oct/2023:10:23:57 +0000] "GET /search?q=test HTTP/1.1" 200 1024 "http://example.com/" "Mozilla/5.0 (iPhone; CPU iPhone OS 15_0 like Mac OS X)"
10.0.0.23 - - [15/Oct/2023:10:23:58 +0000] "POST /api/data HTTP/1.1" 500 512 "-" "curl/7.68.0"
192.168.1.107 - - [15/Oct/2023:10:23:59 +0000] "GET /favicon.ico HTTP/1.1" 404 256 "http://example.com/" "Mozilla/5.0 (Windows NT 10.0; Win64; x64)"
172.16.0.45 - - [15/Oct/2023:10:24:00 +0000] "DELETE /api/users/123 HTTP/1.1" 200 128 "-" "PostmanRuntime/7.29.2"
192.168.1.105 - - [15/Oct/2023:10:24:01 +0000] "GET /news.html HTTP/1.1" 200 3072 "http://example.com/" "Mozilla/5.0 (Linux; Android 11; SM-G991B)"
10.0.0.23 - - [15/Oct/2023:10:24:02 +0000] "POST /feedback HTTP/1.1" 200 256 "http://example.com/contact" "Mozilla/5.0 (Windows NT 10.0; Win64; x64)"
192.168.1.107 - - [15/Oct/2023:10:24:03 +0000] "GET /admin/config HTTP/1.1" 403 128 "-" "sqlmap/1.6.12"
172.16.0.45 - - [15/Oct/2023:10:24:04 +0000] "PUT /api/settings HTTP/1.1" 200 1024 "-" "python-requests/2.28.1"
192.168.1.105 - - [15/Oct/2023:10:24:05 +0000] "GET /js/script.js HTTP/1.1" 200 2048 "http://example.com/index.html" "Mozilla/5.0 (X11; Linux x86_64; rv:109.0)"
10.0.0.23 - - [15/Oct/2023:10:24:06 +0000] "GET /products.html HTTP/1.1" 200 4096 "http://example.com/" "Mozilla/5.0 (Macintosh; Intel Mac OS X 10_15_7)"
192.168.1.107 - - [15/Oct/2023:10:24:07 +0000] "POST /login HTTP/1.1" 302 512 "http://example.com/login" "Mozilla/5.0 (Windows NT 10.0; Win64; x64)"
172.16.0.45 - - [15/Oct/2023:10:24:08 +0000] "GET /health HTTP/1.1" 200 64 "-" "curl/7.68.0"
192.168.1.105 - - [15/Oct/2023:10:24:09 +0000] "GET /blog/post-1 HTTP/1.1" 200 2560 "http://example.com/blog" "Mozilla/5.0 (iPad; CPU OS 15_0 like Mac OS X)"
10.0.0.23 - - [15/Oct/2023:10:24:10 +0000] "POST /subscribe HTTP/1.1" 200 128 "http://example.com/newsletter" "Mozilla/5.0 (Android 12; Mobile; rv:109.0)"
192.168.1.107 - - [15/Oct/2023:10:24:11 +0000] "GET /.env HTTP/1.1" 404 256 "-" "python-requests/2.28.1"
172.16.0.45 - - [15/Oct/2023:10:24:12 +0000] "PATCH /api/profile HTTP/1.1" 200 1024 "-" "PostmanRuntime/7.29.2"
192.168.1.105 - - [15/Oct/2023:10:24:13 +0000] "GET /gallery.html HTTP/1.1" 200 8192 "http://example.com/" "Mozilla/5.0 (Windows NT 10.0; Win64; x64)"
10.0.0.23 - - [15/Oct/2023:10:24:14 +0000] "POST /api/upload HTTP/1.1" 201 512 "-" "curl/7.68.0"
192.168.1.107 - - [15/Oct/2023:10:24:15 +0000] "GET /sitemap.xml HTTP/1.1" 200 1024 "-" "Bingbot/2.0"
172.16.0.45 - - [15/Oct/2023:10:24:16 +0000] "GET /metrics HTTP/1.1" 200 2048 "-" "Prometheus/2.37.0"
192.168.1.105 - - [15/Oct/2023:10:24:17 +0000] "GET /cart HTTP/1.1" 200 1536 "http://example.com/products" "Mozilla/5.0 (Linux; Android 13; Pixel 7)"
10.0.0.23 - - [15/Oct/2023:10:24:18 +0000] "DELETE /cart/item/456 HTTP/1.1" 200 64 "http://example.com/cart" "Mozilla/5.0 (Windows NT 10.0; Win64; x64)"
192.168.1.107 - - [15/Oct/2023:10:24:19 +0000] "POST /reset-password HTTP/1.1" 200 256 "http://example.com/forgot" "Mozilla/5.0 (Macintosh; Intel Mac OS X 10_15_7)"
172.16.0.45 - - [15/Oct/2023:10:24:20 +0000] "GET /api/version HTTP/1.1" 200 128 "-" "curl/7.68.0"
192.168.1.105 - - [15/Oct/2023:10:24:21 +0000] "GET /support.html HTTP/1.1" 200 2048 "http://example.com/" "Mozilla/5.0 (X11; Ubuntu; Linux x86_64; rv:109.0)"
10.0.0.23 - - [15/Oct/2023:10:24:22 +0000] "POST /checkout HTTP/1.1" 302 1024 "http://example.com/cart" "Mozilla/5.0 (iPhone; CPU iPhone OS 16_0 like Mac OS X)"
192.168.1.107 - - [15/Oct/2023:10:24:23 +0000] "GET /wp-admin/ HTTP/1.1" 404 256 "-" "WPScan v3.8.22"
172.16.0.45 - - [15/Oct/2023:10:24:24 +0000] "PUT /api/cache HTTP/1.1" 200 512 "-" "python-requests/2.28.1"
192.168.1.105 - - [15/Oct/2023:10:24:25 +0000] "GET /terms.html HTTP/1.1" 200 4096 "http://example.com/footer" "Mozilla/5.0 (Windows NT 10.0; Win64; x64)"
10.0.0.23 - - [15/Oct/2023:10:24:26 +0000] "GET /privacy.html HTTP/1.1" 200 3072 "http://example.com/footer" "Mozilla/5.0 (Linux; Android 10)"
192.168.1.107 - - [15/Oct/2023:10:24:27 +0000] "POST /api/auth HTTP/1.1" 400 128 "-" "curl/7.68.0"
172.16.0.45 - - [15/Oct/2023:10:24:28 +0000] "GET /status HTTP/1.1" 200 256 "-" "UptimeRobot/2.0"
192.168.1.105 - - [15/Oct/2023:10:24:29 +0000] "GET /faq.html HTTP/1.1" 200 2560 "http://example.com/support" "Mozilla/5.0 (Macintosh; Intel Mac OS X 10_15_7)"
10.0.0.23 - - [15/Oct/2023:10:24:30 +0000] "POST /logout HTTP/1.1" 302 64 "http://example.com/dashboard" "Mozilla/5.0 (Windows NT 10.0; Win64; x64)"
192.168.1.107 - - [15/Oct/2023:10:24:31 +0000] "GET /admin/users HTTP/1.1" 401 256 "-" "Burp Suite Professional"
172.16.0.45 - - [15/Oct/2023:10:24:32 +0000] "PATCH /api/notifications HTTP/1.1" 200 1024 "-" "PostmanRuntime/7.29.2"
192.168.1.105 - - [15/Oct/2023:10:24:33 +0000] "GET /blog/ HTTP/1.1" 200 4096 "http://example.com/" "Mozilla/5.0 (iPad; CPU OS 16_0 like Mac OS X)"
10.0.0.23 - - [15/Oct/2023:10:24:34 +0000] "GET /assets/image1.jpg HTTP/1.1" 200 16384 "http://example.com/gallery" "Mozilla/5.0 (Android 11; Mobile; rv:109.0)"
192.168.1.107 - - [15/Oct/2023:10:24:35 +0000] "POST /api/register HTTP/1.1" 409 256 "-" "python-requests/2.28.1"
172.16.0.45 - - [15/Oct/2023:10:24:36 +0000] "GET /ping HTTP/1.1" 200 32 "-" "curl/7.68.0"
192.168.1.105 - - [15/Oct/2023:10:24:37 +0000] "GET /contact.html HTTP/1.1" 200 1536 "http://example.com/" "Mozilla/5.0 (X11; Linux x86_64; rv:109.0)"
10.0.0.23 - - [15/Oct/2023:10:24:38 +0000] "PUT /profile HTTP/1.1" 200 1024 "http://example.com/settings" "Mozilla/5.0 (Windows NT 10.0; Win64; x64)"
192.168.1.107 - - [15/Oct/2023:10:24:39 +0000] "GET /backup.sql HTTP/1.1" 403 128 "-" "sqlmap/1.6.12"
172.16.0.45 - - [15/Oct/2023:10:24:40 +0000] "DELETE /api/cache HTTP/1.1" 204 0 "-" "curl/7.68.0"
192.168.1.105 - - [15/Oct/2023:10:24:41 +0000] "GET /docs/ HTTP/1.1" 200 2048 "-" "Mozilla/5.0 (Linux; Android 12; SM-G998B)"
10.0.0.23 - - [15/Oct/2023:10:24:42 +0000] "POST /api/feedback HTTP/1.1" 201 512 "http://example.com/contact" "Mozilla/5.0 (Macintosh; Intel Mac OS X 10_15_7)"
192.168.1.107 - - [15/Oct/2023:10:24:43 +0000] "GET /phpinfo.php HTTP/1.1" 404 256 "-" "Nikto/2.1.6"
172.16.0.45 - - [15/Oct/2023:10:24:44 +0000] "GET /api/stats HTTP/1.1" 200 1024 "-" "PostmanRuntime/7.29.2"
192.168.1.105 - - [15/Oct/2023:10:24:45 +0000] "GET /downloads/ HTTP/1.1" 200 1536 "http://example.com/" "Mozilla/5.0 (iPhone; CPU iPhone OS 15_0 like Mac OS X)"
10.0.0.23 - - [15/Oct/2023:10:24:46 +0000] "GET /newsletter HTTP/1.1" 200 2560 "http://example.com/" "Mozilla/5.0 (Windows NT 10.0; Win64; x64)"
192.168.1.107 - - [15/Oct/2023:10:24:47 +0000] "POST /api/test HTTP/1.1" 404 128 "-" "curl/7.68.0"
172.16.0.45 - - [15/Oct/2023:10:24:48 +0000] "PATCH /api/config HTTP/1.1" 200 256 "-" "python-requests/2.28.1"
192.168.1.105 - - [15/Oct/2023:10:24:49 +0000] "GET /events.html HTTP/1.1" 200 3072 "http://example.com/" "Mozilla/5.0 (X11; Ubuntu; Linux x86_64; rv:109.0)"
10.0.0.23 - - [15/Oct/2023:10:24:50 +0000] "DELETE /api/logs HTTP/1.1" 200 64 "-" "curl/7.68.0"
192.168.1.107 - - [15/Oct/2023:10:24:51 +0000] "GET /admin.php HTTP/1.1" 404 256 "-" "DirBuster-1.0-RC1"
172.16.0.45 - - [15/Oct/2023:10:24:52 +0000] "GET /api/health HTTP/1.1" 200 128 "-" "Kubernetes/1.25"
192.168.1.105 - - [15/Oct/2023:10:24:53 +0000] "GET /team.html HTTP/1.1" 200 2048 "http://example.com/about" "Mozilla/5.0 (Linux; Android 13; Pixel 6)"
10.0.0.23 - - [15/Oct/2023:10:24:54 +0000] "POST /api/order HTTP/1.1" 201 1024 "http://example.com/checkout" "Mozilla/5.0 (Windows NT 10.0; Win64; x64)"
192.168.1.107 - - [15/Oct/2023:10:24:55 +0000] "GET /config.php HTTP/1.1" 403 128 "-" "ZAP/2.12.0"
172.16.0.45 - - [15/Oct/2023:10:24:56 +0000] "PUT /api/backup HTTP/1.1" 202 512 "-" "curl/7.68.0"
192.168.1.105 - - [15/Oct/2023:10:24:57 +0000] "GET /portfolio.html HTTP/1.1" 200 4096 "http://example.com/" "Mozilla/5.0 (Macintosh; Intel Mac OS X 10_15_7)"
10.0.0.23 - - [15/Oct/2023:10:24:58 +0000] "GET /invoice/12345 HTTP/1.1" 200 1536 "http://example.com/orders" "Mozilla/5.0 (iPad; CPU OS 15_0 like Mac OS X)"
192.168.1.107 - - [15/Oct/2023:10:24:59 +0000] "POST /shell.php HTTP/1.1" 404 256 "-" "python-requests/2.28.1"
172.16.0.45 - - [15/Oct/2023:10:25:00 +0000] "GET /api/logs HTTP/1.1" 200 2048 "-" "PostmanRuntime/7.29.2"
192.168.1.105 - - [15/Oct/2023:10:25:01 +0000] "GET /services.html HTTP/1.1" 200 3072 "http://example.com/" "Mozilla/5.0 (Android 12; Mobile; rv:109.0)"
10.0.0.23 - - [15/Oct/2023:10:25:02 +0000] "DELETE /account HTTP/1.1" 200 256 "http://example.com/settings" "Mozilla/5.0 (Windows NT 10.0; Win64; x64)"
192.168.1.107 - - [15/Oct/2023:10:25:03 +0000] "GET /database.sql HTTP/1.1" 403 128 "-" "Wget/1.20.3"
172.16.0.45 - - [15/Oct/2023:10:25:04 +0000] "PATCH /api/alerts HTTP/1.1" 200 1024 "-" "curl/7.68.0"
192.168.1.105 - - [15/Oct/2023:10:25:05 +0000] "GET /partners.html HTTP/1.1" 200 2560 "http://example.com/" "Mozilla/5.0 (X11; Linux x86_64; rv:109.0)"
10.0.0.23 - - [15/Oct/2023:10:25:06 +0000] "POST /api/payment HTTP/1.1" 200 512 "http://example.com/checkout" "Mozilla/5.0 (Linux; Android 11; SM-G991B)"
192.168.1.107 - - [15/Oct/2023:10:25:07 +0000] "GET /admin/login HTTP/1.1" 200 1024 "-" "Mozilla/5.0 (Windows NT 10.0; Win64; x64)"
172.16.0.45 - - [15/Oct/2023:10:25:08 +0000] "GET /monitoring HTTP/1.1" 200 2048 "-" "Grafana/9.1.0"
192.168.1.105 - - [15/Oct/2023:10:25:09 +0000] "GET /careers.html HTTP/1.1" 200 1536 "http://example.com/" "Mozilla/5.0 (iPhone; CPU iPhone OS 16_0 like Mac OS X)"
10.0.0.23 - - [15/Oct/2023:10:25:10 +0000] "PUT /api/inventory HTTP/1.1" 200 1024 "-" "python-requests/2.28.1"
192.168.1.107 - - [15/Oct/2023:10:25:11 +0000] "POST /admin/login HTTP/1.1" 401 256 "http://example.com/admin/login" "Mozilla/5.0 (Windows NT 10.0; Win64; x64)"
172.16.0.45 - - [15/Oct/2023:10:25:12 +0000] "DELETE /api/sessions HTTP/1.1" 204 0 "-" "curl/7.68.0"
192.168.1.105 - - [15/Oct/2023:10:25:13 +0000] "GET /location.html HTTP/1.1" 200 2048 "http://example.com/contact" "Mozilla/5.0 (Macintosh; Intel Mac OS X 10_15_7)"
10.0.0.23 - - [15/Oct/2023:10:25:14 +0000] "GET /reviews HTTP/1.1" 200 4096 "http://example.com/products" "Mozilla/5.0 (Windows NT 10.0; Win64; x64)"
192.168.1.107 - - [15/Oct/2023:10:25:15 +0000] "GET /test.php HTTP/1.1" 404 256 "-" "Gobuster/3.1.0"
172.16.0.45 - - [15/Oct/2023:10:25:16 +0000] "GET /api/metrics HTTP/1.1" 200 1536 "-" "PostmanRuntime/7.29.2"
192.168.1.105 - - [15/Oct/2023:10:25:17 +0000] "GET /testimonials.html HTTP/1.1" 200 3072 "http://example.com/" "Mozilla/5.0 (X11; Ubuntu; Linux x86_64; rv:109.0)"
10.0.0.23 - - [15/Oct/2023:10:25:18 +0000] "POST /api/comments HTTP/1.1" 201 256 "http://example.com/blog/post-1" "Mozilla/5.0 (Android 13; Mobile; rv:109.0)"
192.168.1.107 - - [15/Oct/2023:10:25:19 +0000] "GET /info.php HTTP/1.1" 403 128 "-" "Nessus/10.4.1"
172.16.0.45 - - [15/Oct/2023:10:25:20 +0000] "PATCH /api/maintenance HTTP/1.1" 200 512 "-" "curl/7.68.0"
192.168.1.105 - - [15/Oct/2023:10:25:21 +0000] "GET /awards.html HTTP/1.1" 200 2560 "http://example.com/about" "Mozilla/5.0 (Linux; Android 12; Pixel 7 Pro)"
10.0.0.23 - - [15/Oct/2023:10:25:22 +0000] "DELETE /api/temp HTTP/1.1" 200 64 "-" "python-requests/2.28.1"
192.168.1.107 - - [15/Oct/2023:10:25:23 +0000] "POST /admin/login HTTP/1.1" 200 1024 "http://example.com/admin/login" "Mozilla/5.0 (Windows NT 10.0; Win64; x64)"
172.16.0.45 - - [15/Oct/2023:10:25:24 +0000] "GET /api/queue HTTP/1.1" 200 2048 "-" "Redis-CLI/7.0.5"
192.168.1.105 - - [15/Oct/2023:10:25:25 +0000] "GET /history.html HTTP/1.1" 200 1536 "http://example.com/about" "Mozilla/5.0 (iPad; CPU OS 16_0 like Mac OS X)"
10.0.0.23 - - [15/Oct/2023:10:25:26 +0000] "GET /warranty HTTP/1.1" 200 1024 "http://example.com/products" "Mozilla/5.0 (Windows NT 10.0; Win64; x64)"
192.168.1.107 - - [15/Oct/2023:10:25:27 +0000] "GET /admin/dashboard HTTP/1.1" 200 4096 "http://example.com/admin/login" "Mozilla/5.0 (Windows NT 10.0; Win64; x64)"
172.16.0.45 - - [15/Oct/2023:10:25:28 +0000] "PUT /api/schedule HTTP/1.1" 200 1024 "-" "PostmanRuntime/7.29.2"
192.168.1.105 - - [15/Oct/2023:10:25:29 +0000] "GET /shipping.html HTTP/1.1" 200 2048 "http://example.com/faq" "Mozilla/5.0 (Macintosh; Intel Mac OS X 10_15_7)"
10.0.0.23 - - [15/Oct/2023:10:25:30 +0000] "POST /api/newsletter HTTP/1.1" 200 128 "http://example.com/footer" "Mozilla/5.0 (Android 11; Mobile; rv:109.0)"
192.168.1.107 - - [15/Oct/2023:10:25:31 +0000] "GET /admin/users HTTP/1.1" 200 8192 "http://example.com/admin/dashboard" "Mozilla/5.0 (Windows NT 10.0; Win64; x64)"
172.16.0.45 - - [15/Oct/2023:10:25:32 +0000] "DELETE /api/reports HTTP/1.1" 204 0 "-" "curl/7.68.0"
192.168.1.105 - - [15/Oct/2023:10:25:33 +0000] "GET /returns.html HTTP/1.1" 200 1536 "http://example.com/support" "Mozilla/5.0 (X11; Linux x86_64; rv:109.0)"
10.0.0.23 - - [15/Oct/2023:10:25:34 +0000] "GET /catalog HTTP/1.1" 200 16384 "http://example.com/" "Mozilla/5.0 (iPhone; CPU iPhone OS 15_0 like Mac OS X)"
192.168.1.107 - - [15/Oct/2023:10:25:35 +0000] "POST /admin/settings HTTP/1.1" 200 512 "http://example.com/admin/dashboard" "Mozilla/5.0 (Windows NT 10.0; Win64; x64)"
172.16.0.45 - - [15/Oct/2023:10:25:36 +0000] "GET /api/export HTTP/1.1" 200 32768 "-" "python-requests/2.28.1"
192.168.1.105 - - [15/Oct/2023:10:25:37 +0000] "GET /specials.html HTTP/1.1" 200 2560 "http://example.com/" "Mozilla/5.0 (Linux; Android 13; SM-S918B)"
10.0.0.23 - - [15/Oct/2023:10:25:38 +0000] "PUT /wishlist HTTP/1.1" 200 1024 "http://example.com/products" "Mozilla/5.0 (Windows NT 10.0; Win64; x64)"
192.168.1.107 - - [15/Oct/2023:10:25:39 +0000] "GET /admin/logs HTTP/1.1" 200 16384 "http://example.com/admin/dashboard" "Mozilla/5.0 (Windows NT 10.0; Win64; x64)"
172.16.0.45 - - [15/Oct/2023:10:25:40 +0000] "PATCH /api/permissions HTTP/1.1" 200 256 "-" "PostmanRuntime/7.29.2"
192.168.1.105 - - [15/Oct/2023:10:25:41 +0000] "GET /compare.html HTTP/1.1" 200 4096 "http://example.com/products" "Mozilla/5.0 (Macintosh; Intel Mac OS X 10_15_7)"
10.0.0.23 - - [15/Oct/2023:10:25:42 +0000] "DELETE /cart HTTP/1.1" 204 0 "http://example.com/cart" "Mozilla/5.0 (Android 12; Mobile; rv:109.0)"
192.168.1.107 - - [15/Oct/2023:10:25:43 +0000] "POST /admin/backup HTTP/1.1" 202 128 "http://example.com/admin/settings" "Mozilla/5.0 (Windows NT 10.0; Win64; x64)"
172.16.0.45 - - [15/Oct/2023:10:25:44 +0000] "GET /api/audit HTTP/1.1" 200 4096 "-" "curl/7.68.0"
192.168.1.105 - - [15/Oct/2023:10:25:45 +0000] "GET /recipes.html HTTP/1.1" 200 8192 "http://example.com/blog" "Mozilla/5.0 (X11; Ubuntu; Linux x86_64; rv:109.0)"
10.0.0.23 - - [15/Oct/2023:10:25:46 +0000] "GET /brands HTTP/1.1" 200 2048 "http://example.com/products" "Mozilla/5.0 (iPad; CPU OS 15_0 like Mac OS X)"
192.168.1.107 - - [15/Oct/2023:10:25:47 +0000] "GET /admin/reports HTTP/1.1" 200 8192 "http://example.com/admin/dashboard" "Mozilla/5.0 (Windows NT 10.0; Win64; x64)"
172.16.0.45 - - [15/Oct/2023:10:25:48 +0000] "PUT /api/tokens HTTP/1.1" 200 512 "-" "python-requests/2.28.1"